Host Parallel Execution Space:
  KOKKOS_ENABLE_OPENMP: yes

OpenMP Runtime Configuration:
Kokkos::OpenMP thread_pool_topology[ 1 x 8 x 1 ]
Writing configuration in legacy data format
 Output file: /gdata/dm/MPE/OrthrosJr/analysis/sharma_work/exadis_saxs_networks/2026-09-10/exadis_cu_loops.data
Writing configuration in legacy data format
 Output file: /gdata/dm/MPE/OrthrosJr/analysis/sharma_work/exadis_saxs_networks/2026-09-10/exadis_cu_lines.data
{
 "argv": [
  "generate_exadis_cu_networks.py",
  "--out",
  "/gdata/dm/MPE/OrthrosJr/analysis/sharma_work/exadis_saxs_networks/2026-09-10"
 ],
 "exadis_repo": "/home/beams12/S1IDUSER/opt/exadis",
 "exadis_git": "d550bc0",
 "generated": "2026-09-10 14:02:22",
 "seconds": 2.38,
 "b_magnitude_A": 2.556,
 "loops": {
  "file": "exadis_cu_loops.data",
  "nodes": 4044,
  "segments": 4044
 },
 "lines": {
  "file": "exadis_cu_lines.data",
  "nodes": 1680,
  "segments": 1680
 }
}
exit=0
